******************************************************************************
                  TI ARM Linker PC v20.2.7                     
******************************************************************************
>> Linked Tue Nov 19 09:11:26 2024

OUTPUT FILE NAME:   <EGEC_558B_Project.out>
ENTRY POINT SYMBOL: "_c_int00_noargs"  address: 00000ad1


MEMORY CONFIGURATION

         name            origin    length      used     unused   attr    fill
----------------------  --------  ---------  --------  --------  ----  --------
  FLASH                 00000000   00040000  00000b74  0003f48c  R  X
  SRAM                  20000000   00008000  00000218  00007de8  RW X


SEGMENT ALLOCATION MAP

run origin  load origin   length   init length attrs members
----------  ----------- ---------- ----------- ----- -------
00000000    00000000    00000b78   00000b78    r-x
  00000000    00000000    0000026c   0000026c    r-- .intvecs
  0000026c    0000026c    000008f0   000008f0    r-x .text
  00000b60    00000b60    00000018   00000018    r-- .cinit
20000000    20000000    00000218   00000000    rw-
  20000000    20000000    00000200   00000000    rw- .stack
  20000200    20000200    00000018   00000000    rw- .data


SECTION ALLOCATION MAP

 output                                  attributes/
section   page    origin      length       input sections
--------  ----  ----------  ----------   ----------------
.intvecs   0    00000000    0000026c     
                  00000000    0000026c     tm4c123gh6pm_startup_ccs.obj (.intvecs)

.text      0    0000026c    000008f0     
                  0000026c    000002d8     HC-SR04.obj (.text)
                  00000544    00000178     ServoMotor.obj (.text)
                  000006bc    00000136     rtsv7M4_T_le_v4SPD16_eabi.lib : fd_div_t2.asm.obj (.text)
                  000007f2    00000002     --HOLE-- [fill = 0]
                  000007f4    00000124     DCMotor.obj (.text)
                  00000918    0000009c     rtsv7M4_T_le_v4SPD16_eabi.lib : memcpy_t2.asm.obj (.text)
                  000009b4    0000006e                                   : fd_tos_t2.asm.obj (.text)
                  00000a22    00000068                                   : copy_decompress_lzss.c.obj (.text:decompress:lzss:__TI_decompress_lzss)
                  00000a8a    00000002     --HOLE-- [fill = 0]
                  00000a8c    00000044                                   : autoinit.c.obj (.text:__TI_auto_init_nobinit_nopinit:__TI_auto_init_nobinit_nopinit)
                  00000ad0    00000034                                   : boot_cortex_m.c.obj (.text:_c_int00_noargs:_c_int00_noargs)
                  00000b04    00000020                                   : u_tofd_t2.asm.obj (.text)
                  00000b24    00000016     main.obj (.text)
                  00000b3a    0000000e     rtsv7M4_T_le_v4SPD16_eabi.lib : copy_decompress_none.c.obj (.text:decompress:none:__TI_decompress_none)
                  00000b48    0000000c     tm4c123gh6pm_startup_ccs.obj (.text)
                  00000b54    00000004     rtsv7M4_T_le_v4SPD16_eabi.lib : pre_init.c.obj (.text:_system_pre_init)
                  00000b58    00000004                                   : exit.c.obj (.text:abort:abort)

.cinit     0    00000b60    00000018     
                  00000b60    00000008     (.cinit..data.load) [load image, compression = lzss]
                  00000b68    00000008     (__TI_handler_table)
                  00000b70    00000008     (__TI_cinit_table)

.init_array 
*          0    00000000    00000000     UNINITIALIZED

.data      0    20000200    00000018     UNINITIALIZED
                  20000200    00000018     main.obj (.data)

.stack     0    20000000    00000200     UNINITIALIZED
                  20000000    00000004     rtsv7M4_T_le_v4SPD16_eabi.lib : boot_cortex_m.c.obj (.stack)
                  20000004    000001fc     --HOLE--

__llvm_prf_cnts 
*          0    20000000    00000000     UNINITIALIZED

MODULE SUMMARY

       Module                         code   ro data   rw data
       ------                         ----   -------   -------
    .\
       HC-SR04.obj                    728    0         0      
       tm4c123gh6pm_startup_ccs.obj   12     620       0      
       ServoMotor.obj                 376    0         0      
       DCMotor.obj                    292    0         0      
       main.obj                       22     0         24     
    +--+------------------------------+------+---------+---------+
       Total:                         1430   620       24     
                                                              
    C:\ti\ccs1280\ccs\tools\compiler\ti-cgt-arm_20.2.7.LTS\lib\rtsv7M4_T_le_v4SPD16_eabi.lib
       fd_div_t2.asm.obj              310    0         0      
       memcpy_t2.asm.obj              156    0         0      
       fd_tos_t2.asm.obj              110    0         0      
       copy_decompress_lzss.c.obj     104    0         0      
       autoinit.c.obj                 68     0         0      
       boot_cortex_m.c.obj            52     0         0      
       u_tofd_t2.asm.obj              32     0         0      
       copy_decompress_none.c.obj     14     0         0      
       exit.c.obj                     4      0         0      
       pre_init.c.obj                 4      0         0      
    +--+------------------------------+------+---------+---------+
       Total:                         854    0         0      
                                                              
       Stack:                         0      0         512    
       Linker Generated:              0      24        0      
    +--+------------------------------+------+---------+---------+
       Grand Total:                   2284   644       536    


LINKER GENERATED COPY TABLES

__TI_cinit_table @ 00000b70 records: 1, size/record: 8, table size: 8
	.data: load addr=00000b60, load size=00000008 bytes, run addr=20000200, run size=00000018 bytes, compression=lzss


LINKER GENERATED HANDLER TABLE

__TI_handler_table @ 00000b68 records: 2, size/record: 4, table size: 8
	index: 0, handler: __TI_decompress_lzss
	index: 1, handler: __TI_decompress_none


GLOBAL SYMBOLS: SORTED ALPHABETICALLY BY Name 

address   name                          
-------   ----                          
00000b59  C$$EXIT                       
000007f5  DC_Motor_Init                 
00000829  Forward                       
0000026d  HC_SR04_Init                  
20000208  PreScalar1                    
2000020c  PreScalar2                    
00000b49  ResetISR                      
00000853  Reverse                       
00000545  Servo_Motor_Init              
000008d9  Stop                          
00000399  TIMER0A_Handler               
0000062b  Timer1_Delay_MicroSecond      
00000881  Turn_Left                     
000008ad  Turn_Right                    
20000200  __STACK_END                   
00000200  __STACK_SIZE                  
20000200  __STACK_TOP                   
00000b70  __TI_CINIT_Base               
00000b78  __TI_CINIT_Limit              
00000b68  __TI_Handler_Table_Base       
00000b70  __TI_Handler_Table_Limit      
00000a8d  __TI_auto_init_nobinit_nopinit
00000a23  __TI_decompress_lzss          
00000b3b  __TI_decompress_none          
ffffffff  __TI_pprof_out_hndl           
ffffffff  __TI_prof_data_size           
ffffffff  __TI_prof_data_start          
00000000  __TI_static_base__            
000009b5  __aeabi_d2f                   
000006bd  __aeabi_ddiv                  
00000919  __aeabi_memcpy                
00000919  __aeabi_memcpy4               
00000919  __aeabi_memcpy8               
00000b05  __aeabi_ui2d                  
ffffffff  __binit__                     
ffffffff  __c_args__                    
UNDEFED   __mpu_init                    
20000000  __stack                       
20000000  __start___llvm_prf_cnts       
20000000  __stop___llvm_prf_cnts        
00000ad1  _c_int00_noargs               
UNDEFED   _system_post_cinit            
00000b55  _system_pre_init              
00000b59  abort                         
ffffffff  binit                         
20000214  distance                      
20000204  fallingEdge                   
00000000  g_pfnVectors                  
00000465  getDistance                   
00000565  leftPosition                  
00000b25  main                          
0000041b  measurePulseWidth             
00000919  memcpy                        
000005a7  middlePosition                
20000210  period                        
000005e9  rightPosition                 
20000200  risingEdge                    


GLOBAL SYMBOLS: SORTED BY Symbol Address 

address   name                          
-------   ----                          
00000000  __TI_static_base__            
00000000  g_pfnVectors                  
00000200  __STACK_SIZE                  
0000026d  HC_SR04_Init                  
00000399  TIMER0A_Handler               
0000041b  measurePulseWidth             
00000465  getDistance                   
00000545  Servo_Motor_Init              
00000565  leftPosition                  
000005a7  middlePosition                
000005e9  rightPosition                 
0000062b  Timer1_Delay_MicroSecond      
000006bd  __aeabi_ddiv                  
000007f5  DC_Motor_Init                 
00000829  Forward                       
00000853  Reverse                       
00000881  Turn_Left                     
000008ad  Turn_Right                    
000008d9  Stop                          
00000919  __aeabi_memcpy                
00000919  __aeabi_memcpy4               
00000919  __aeabi_memcpy8               
00000919  memcpy                        
000009b5  __aeabi_d2f                   
00000a23  __TI_decompress_lzss          
00000a8d  __TI_auto_init_nobinit_nopinit
00000ad1  _c_int00_noargs               
00000b05  __aeabi_ui2d                  
00000b25  main                          
00000b3b  __TI_decompress_none          
00000b49  ResetISR                      
00000b55  _system_pre_init              
00000b59  C$$EXIT                       
00000b59  abort                         
00000b68  __TI_Handler_Table_Base       
00000b70  __TI_CINIT_Base               
00000b70  __TI_Handler_Table_Limit      
00000b78  __TI_CINIT_Limit              
20000000  __stack                       
20000000  __start___llvm_prf_cnts       
20000000  __stop___llvm_prf_cnts        
20000200  __STACK_END                   
20000200  __STACK_TOP                   
20000200  risingEdge                    
20000204  fallingEdge                   
20000208  PreScalar1                    
2000020c  PreScalar2                    
20000210  period                        
20000214  distance                      
ffffffff  __TI_pprof_out_hndl           
ffffffff  __TI_prof_data_size           
ffffffff  __TI_prof_data_start          
ffffffff  __binit__                     
ffffffff  __c_args__                    
ffffffff  binit                         
UNDEFED   __mpu_init                    
UNDEFED   _system_post_cinit            

[57 symbols]
